Testing imports...
ERROR: cannot import name 'RiskType' from 'app.schemas.alert' (C:\TraeProjects\1461\app\schemas\alert.py)
Traceback (most recent call last):
  File "C:\TraeProjects\1461\test_app.py", line 10, in <module>
    from app.main import app
  File "C:\TraeProjects\1461\app\main.py", line 11, in <module>
    from app.routers import api_router
  File "C:\TraeProjects\1461\app\routers\__init__.py", line 4, in <module>
    from app.routers import alerts, notifications, schedule, referrals
  File "C:\TraeProjects\1461\app\routers\alerts.py", line 9, in <module>
    from app.schemas.alert import (
    ...<2 lines>...
    )
ImportError: cannot import name 'RiskType' from 'app.schemas.alert' (C:\TraeProjects\1461\app\schemas\alert.py)
